[2025-11-05 20:58:42] Script started
--------------------------------------------------------------------------------
[2025-11-05 20:58:42] Current directory: C:\xampp\htdocs\nsfs\admin\database
--------------------------------------------------------------------------------
[2025-11-05 20:58:42] Document root: C:/xampp/htdocs
--------------------------------------------------------------------------------
[2025-11-05 20:58:42] PHP Version: 8.0.30
--------------------------------------------------------------------------------
[2025-11-05 20:58:42] Permission functions defined early
--------------------------------------------------------------------------------
[2025-11-05 20:58:42] Session started successfully
--------------------------------------------------------------------------------
[2025-11-05 20:58:42] Checking authentication
--------------------------------------------------------------------------------
[2025-11-05 20:58:42] Session data
Array
(
    [user_id] => 2
    [username] => sukanta481
    [full_name] => Sukanta Maity
    [email] => sukanta481@nsfs.com
    [role_id] => 1
    [role_name] => Super Admin
    [staff_id] => 
    [admin] => sukanta481
    [admin_id] => 2
    [adminname] => Sukanta Maity
)

--------------------------------------------------------------------------------
[2025-11-05 20:58:42] User authenticated successfully
--------------------------------------------------------------------------------
[2025-11-05 20:58:42] Checking conn.php at: C:\xampp\htdocs\nsfs\admin\database/../conn.php
--------------------------------------------------------------------------------
[2025-11-05 20:58:42] conn.php loaded successfully
--------------------------------------------------------------------------------
[2025-11-05 20:58:42] Database connection established
--------------------------------------------------------------------------------
[2025-11-05 20:58:42] About to render HTML page
--------------------------------------------------------------------------------
[2025-11-05 20:58:42] Loading left_panel.php
--------------------------------------------------------------------------------
[2025-11-05 20:58:42] left_panel.php loaded successfully
--------------------------------------------------------------------------------
[2025-11-05 20:58:42] Loading header_banner.php
--------------------------------------------------------------------------------
[2025-11-05 20:58:42] header_banner.php loaded successfully
--------------------------------------------------------------------------------
[2025-11-05 20:58:42] Loading footer.php
--------------------------------------------------------------------------------
[2025-11-05 20:58:42] footer.php loaded successfully
--------------------------------------------------------------------------------
[2025-11-05 20:58:42] Script completed successfully
--------------------------------------------------------------------------------
[2025-11-05 20:59:58] Script started
--------------------------------------------------------------------------------
[2025-11-05 20:59:58] Current directory: C:\xampp\htdocs\nsfs\admin\database
--------------------------------------------------------------------------------
[2025-11-05 20:59:58] Document root: C:/xampp/htdocs
--------------------------------------------------------------------------------
[2025-11-05 20:59:58] PHP Version: 8.0.30
--------------------------------------------------------------------------------
[2025-11-05 20:59:58] Permission functions defined early
--------------------------------------------------------------------------------
[2025-11-05 20:59:58] Session started successfully
--------------------------------------------------------------------------------
[2025-11-05 20:59:58] Checking authentication
--------------------------------------------------------------------------------
[2025-11-05 20:59:58] Session data
Array
(
    [user_id] => 2
    [username] => sukanta481
    [full_name] => Sukanta Maity
    [email] => sukanta481@nsfs.com
    [role_id] => 1
    [role_name] => Super Admin
    [staff_id] => 
    [admin] => sukanta481
    [admin_id] => 2
    [adminname] => Sukanta Maity
)

--------------------------------------------------------------------------------
[2025-11-05 20:59:58] User authenticated successfully
--------------------------------------------------------------------------------
[2025-11-05 20:59:58] Checking conn.php at: C:\xampp\htdocs\nsfs\admin\database/../conn.php
--------------------------------------------------------------------------------
[2025-11-05 20:59:58] conn.php loaded successfully
--------------------------------------------------------------------------------
[2025-11-05 20:59:58] Database connection established
--------------------------------------------------------------------------------
[2025-11-05 20:59:58] About to render HTML page
--------------------------------------------------------------------------------
[2025-11-05 20:59:58] Loading left_panel.php
--------------------------------------------------------------------------------
[2025-11-05 20:59:58] left_panel.php loaded successfully
--------------------------------------------------------------------------------
[2025-11-05 20:59:58] Loading header_banner.php
--------------------------------------------------------------------------------
[2025-11-05 20:59:58] header_banner.php loaded successfully
--------------------------------------------------------------------------------
[2025-11-05 20:59:58] Loading footer.php
--------------------------------------------------------------------------------
[2025-11-05 20:59:58] footer.php loaded successfully
--------------------------------------------------------------------------------
[2025-11-05 20:59:58] Script completed successfully
--------------------------------------------------------------------------------
[2025-11-05 20:59:59] Script started
--------------------------------------------------------------------------------
[2025-11-05 20:59:59] Current directory: C:\xampp\htdocs\nsfs\admin\database
--------------------------------------------------------------------------------
[2025-11-05 20:59:59] Document root: C:/xampp/htdocs
--------------------------------------------------------------------------------
[2025-11-05 20:59:59] PHP Version: 8.0.30
--------------------------------------------------------------------------------
[2025-11-05 20:59:59] Permission functions defined early
--------------------------------------------------------------------------------
[2025-11-05 20:59:59] Session started successfully
--------------------------------------------------------------------------------
[2025-11-05 20:59:59] Checking authentication
--------------------------------------------------------------------------------
[2025-11-05 20:59:59] Session data
Array
(
    [user_id] => 2
    [username] => sukanta481
    [full_name] => Sukanta Maity
    [email] => sukanta481@nsfs.com
    [role_id] => 1
    [role_name] => Super Admin
    [staff_id] => 
    [admin] => sukanta481
    [admin_id] => 2
    [adminname] => Sukanta Maity
)

--------------------------------------------------------------------------------
[2025-11-05 20:59:59] User authenticated successfully
--------------------------------------------------------------------------------
[2025-11-05 20:59:59] Checking conn.php at: C:\xampp\htdocs\nsfs\admin\database/../conn.php
--------------------------------------------------------------------------------
[2025-11-05 20:59:59] conn.php loaded successfully
--------------------------------------------------------------------------------
[2025-11-05 20:59:59] Database connection established
--------------------------------------------------------------------------------
[2025-11-05 20:59:59] About to render HTML page
--------------------------------------------------------------------------------
[2025-11-05 20:59:59] Loading left_panel.php
--------------------------------------------------------------------------------
[2025-11-05 20:59:59] left_panel.php loaded successfully
--------------------------------------------------------------------------------
[2025-11-05 20:59:59] Loading header_banner.php
--------------------------------------------------------------------------------
[2025-11-05 20:59:59] header_banner.php loaded successfully
--------------------------------------------------------------------------------
[2025-11-05 20:59:59] Loading footer.php
--------------------------------------------------------------------------------
[2025-11-05 20:59:59] footer.php loaded successfully
--------------------------------------------------------------------------------
[2025-11-05 20:59:59] Script completed successfully
--------------------------------------------------------------------------------
